{
  "version": "1.5.0",
  "plugins_used": [
    {
      "name": "ArtifactoryDetector"
    },
    {
      "name": "AWSKeyDetector"
    },
    {
      "name": "AzureStorageKeyDetector"
    },
    {
      "name": "Base64HighEntropyString",
      "limit": 4.5
    },
    {
      "name": "BasicAuthDetector"
    },
    {
      "name": "CloudantDetector"
    },
    {
      "name": "DiscordBotTokenDetector"
    },
    {
      "name": "GitHubTokenDetector"
    },
    {
      "name": "GitLabTokenDetector"
    },
    {
      "name": "HexHighEntropyString",
      "limit": 3.0
    },
    {
      "name": "IbmCloudIamDetector"
    },
    {
      "name": "IbmCosHmacDetector"
    },
    {
      "name": "IPPublicDetector"
    },
    {
      "name": "JwtTokenDetector"
    },
    {
      "name": "KeywordDetector",
      "keyword_exclude": ""
    },
    {
      "name": "MailchimpDetector"
    },
    {
      "name": "NpmDetector"
    },
    {
      "name": "OpenAIDetector"
    },
    {
      "name": "PrivateKeyDetector"
    },
    {
      "name": "PypiTokenDetector"
    },
    {
      "name": "SendGridDetector"
    },
    {
      "name": "SlackDetector"
    },
    {
      "name": "SoftlayerDetector"
    },
    {
      "name": "SquareOAuthDetector"
    },
    {
      "name": "StripeDetector"
    },
    {
      "name": "TelegramBotTokenDetector"
    },
    {
      "name": "TwilioKeyDetector"
    }
  ],
  "filters_used": [
    {
      "path": "detect_secrets.filters.allowlist.is_line_allowlisted"
    },
    {
      "path": "detect_secrets.filters.common.is_baseline_file",
      "filename": ".secrets.baseline"
    },
    {
      "path": "detect_secrets.filters.common.is_ignored_due_to_verification_policies",
      "min_level": 2
    },
    {
      "path": "detect_secrets.filters.heuristic.is_indirect_reference"
    },
    {
      "path": "detect_secrets.filters.heuristic.is_likely_id_string"
    },
    {
      "path": "detect_secrets.filters.heuristic.is_lock_file"
    },
    {
      "path": "detect_secrets.filters.heuristic.is_not_alphanumeric_string"
    },
    {
      "path": "detect_secrets.filters.heuristic.is_potential_uuid"
    },
    {
      "path": "detect_secrets.filters.heuristic.is_prefixed_with_dollar_sign"
    },
    {
      "path": "detect_secrets.filters.heuristic.is_sequential_string"
    },
    {
      "path": "detect_secrets.filters.heuristic.is_swagger_file"
    },
    {
      "path": "detect_secrets.filters.heuristic.is_templated_secret"
    },
    {
      "path": "detect_secrets.filters.regex.should_exclude_file",
      "pattern": [
        "^\\.venv/",
        "^\\.git/",
        "^dist/",
        "^\\.local/",
        "^\\.pytest_cache/",
        "^\\.ruff_cache/",
        "^\\.env$",
        "^config/config\\.toml$",
        "^config/env$",
        "^uv\\.lock$"
      ]
    }
  ],
  "results": {
    "src/garbage_collection_automation/configuration.py": [
      {
        "type": "Secret Keyword",
        "filename": "src/garbage_collection_automation/configuration.py",
        "hashed_secret": "46f64dfc83c4e82048613c7c9f40b972e1f381d2",
        "is_verified": false,
        "line_number": 24
      }
    ],
    "tests/test_api.py": [
      {
        "type": "Secret Keyword",
        "filename": "tests/test_api.py",
        "hashed_secret": "84f8043cd90d92514fe3d4034b99904ddcb54546",
        "is_verified": false,
        "line_number": 116
      },
      {
        "type": "Secret Keyword",
        "filename": "tests/test_api.py",
        "hashed_secret": "5734a5a53549737d9f40d58110ac3d897b3e31e1",
        "is_verified": false,
        "line_number": 504
      },
      {
        "type": "Secret Keyword",
        "filename": "tests/test_api.py",
        "hashed_secret": "328bedee4c4e06c9960236b8062fb799ab0ade69",
        "is_verified": false,
        "line_number": 511
      }
    ],
    "tests/test_configuration.py": [
      {
        "type": "Secret Keyword",
        "filename": "tests/test_configuration.py",
        "hashed_secret": "338f3edd76531b499a76b321404a4b73f3ff435e",
        "is_verified": false,
        "line_number": 106
      },
      {
        "type": "Secret Keyword",
        "filename": "tests/test_configuration.py",
        "hashed_secret": "e493f561d90c6638c1f51c5a8a069c3b129b79ed",
        "is_verified": false,
        "line_number": 113
      },
      {
        "type": "Secret Keyword",
        "filename": "tests/test_configuration.py",
        "hashed_secret": "b2d3f37a9a346cb93089535caf7e9e13bd52310b",
        "is_verified": false,
        "line_number": 314
      },
      {
        "type": "Secret Keyword",
        "filename": "tests/test_configuration.py",
        "hashed_secret": "d0c138db5e6b58f76c8857899403877fb8a21ce5",
        "is_verified": false,
        "line_number": 347
      }
    ],
    "tests/test_data_collection.py": [
      {
        "type": "Secret Keyword",
        "filename": "tests/test_data_collection.py",
        "hashed_secret": "5734a5a53549737d9f40d58110ac3d897b3e31e1",
        "is_verified": false,
        "line_number": 55
      }
    ],
    "tests/test_install.py": [
      {
        "type": "Secret Keyword",
        "filename": "tests/test_install.py",
        "hashed_secret": "d0c138db5e6b58f76c8857899403877fb8a21ce5",
        "is_verified": false,
        "line_number": 318
      },
      {
        "type": "Secret Keyword",
        "filename": "tests/test_install.py",
        "hashed_secret": "414741672a5e139121ae7143608c17ac0a454277",
        "is_verified": false,
        "line_number": 335
      },
      {
        "type": "Base64 High Entropy String",
        "filename": "tests/test_install.py",
        "hashed_secret": "22343888f973a299dfb52d6d7840853f33fa0646",
        "is_verified": false,
        "line_number": 561
      }
    ]
  },
  "generated_at": "2026-08-19T20:40:46Z"
}
